// Jest Snapshot v1, https://goo.gl/fbAQLP

exports[`testing <HomeScreen /> should match snapshot 1`] = `
<div>
  <h1>
    HomeScreen
  </h1>
  <hr />
  <pre>
    {
   "name": "Aaron",
   "email": "aaron@gmail.com"
}
  </pre>
</div>
`;
