// Jest Snapshot v1, https://goo.gl/fbAQLP

exports[`<PrimeraApp /> testing should show <PrimeraApp /> correctly 1`] = `
<Fragment>
  <h1>
    hola mundo
  </h1>
  <p>
    soy un texto de prueba
  </p>
</Fragment>
`;
