// Jest Snapshot v1, https://goo.gl/fbAQLP

exports[`testing <TodoList /> should display correctly 1`] = `
<ul
  className="list-group list-group-flush"
>
  <TodoListItem
    handleDelete={[MockFunction]}
    handleToggle={[MockFunction]}
    index={0}
    key="1"
    todo={
      Object {
        "desc": "Learn react",
        "done": false,
        "id": 1,
      }
    }
  />
  <TodoListItem
    handleDelete={[MockFunction]}
    handleToggle={[MockFunction]}
    index={1}
    key="2"
    todo={
      Object {
        "desc": "Learn mongo",
        "done": false,
        "id": 2,
      }
    }
  />
</ul>
`;
